
There are no discarded input sections

Memory Configuration

Name             Origin             Length             Attributes
FLASH            0x08000000         0x00008000         xr
SRAM             0x20000000         0x00002000         xrw
*default*        0x00000000         0xffffffff

Linker script and memory map

LOAD obj/stm32f0xx_start_up.o
LOAD obj/main.o

.text           0x08000000      0x268
 *(.isr_vector)
 .isr_vector    0x08000000       0xc0 obj/stm32f0xx_start_up.o
                0x08000000                vectors
 *(.text)
 .text          0x080000c0       0x58 obj/stm32f0xx_start_up.o
                0x080000c0                Reset_Handler
                0x080000f6                TIM1_CC_IRQHandler
                0x080000f6                TSC_IRQHandler
                0x080000f6                HardFault_Handler
                0x080000f6                SysTick_Handler
                0x080000f6                PendSV_Handler
                0x080000f6                NMI_Handler
                0x080000f6                I2C1_IRQHandler
                0x080000f6                RCC_CRS_IRQHandler
                0x080000f6                SPI1_IRQHandler
                0x080000f6                DMA_CH1_IRQHandler
                0x080000f6                TIM6_DAC_IRQHandler
                0x080000f6                EXTI2_3_IRQHandler
                0x080000f6                I2C2_IRQHandler
                0x080000f6                TIM17_IRQHandler
                0x080000f6                CEC_CAN_IRQHandler
                0x080000f6                RTC_IRQHandler
                0x080000f6                PVD_VDDIO2_IRQHandler
                0x080000f6                TIM16_IRQHandler
                0x080000f6                TIM3_IRQHandler
                0x080000f6                EXTI4_15_IRQHandler
                0x080000f6                Default_Handler
                0x080000f6                TIM14_IRQHandler
                0x080000f6                DMA_CH4_5_6_7_DMA2_CH3_4_5_IRQHandler
                0x080000f6                TIM7_IRQHandler
                0x080000f6                TIM15_IRQHandler
                0x080000f6                EXTI0_1_IRQHandler
                0x080000f6                USB_IRQHandler
                0x080000f6                SPI2_IRQHandler
                0x080000f6                SVC_Handler
                0x080000f6                WWDG_IRQHandler
                0x080000f6                TIM2_IRQHandler
                0x080000f6                ADC_COMP_IRQHandler
                0x080000f6                USART2_IRQHandler
                0x080000f6                USART3_4_5_6_7_8_IRQHandler
                0x080000f6                FLASH_IRQHandler
                0x080000f6                TIM1_BRK_COMP_TRG_COM_IRQHandler
                0x080000f6                USART1_IRQHandler
                0x080000f6                DMA_CH2_3_DMA2_CH1_2_IRQHandler
 .text          0x08000118      0x150 obj/main.o
                0x08000118                main
 *(.text.*)
                0x08000268                        . = ALIGN (0x4)
                0x08000268                        _etext = .

.glue_7         0x08000268        0x0
 .glue_7        0x08000268        0x0 linker stubs

.glue_7t        0x08000268        0x0
 .glue_7t       0x08000268        0x0 linker stubs

.vfp11_veneer   0x08000268        0x0
 .vfp11_veneer  0x08000268        0x0 linker stubs

.v4_bx          0x08000268        0x0
 .v4_bx         0x08000268        0x0 linker stubs

.iplt           0x08000268        0x0
 .iplt          0x08000268        0x0 obj/stm32f0xx_start_up.o

.rel.dyn        0x08000268        0x0
 .rel.iplt      0x08000268        0x0 obj/stm32f0xx_start_up.o

.data           0x20000000        0x4 load address 0x08000268
                0x20000000                        _sdata = .
 *(.data)
 .data          0x20000000        0x0 obj/stm32f0xx_start_up.o
 .data          0x20000000        0x4 obj/main.o
                0x20000000                slave
                0x20000004                        . = ALIGN (0x4)
                0x20000004                        _edata = .

.igot.plt       0x20000004        0x0 load address 0x0800026c
 .igot.plt      0x20000004        0x0 obj/stm32f0xx_start_up.o

.bss            0x20000004        0x0 load address 0x0800026c
                0x20000004                        _sbss = .
 *(.bss)
 .bss           0x20000004        0x0 obj/stm32f0xx_start_up.o
 .bss           0x20000004        0x0 obj/main.o
 *(.bss.*)
 *(.COMMON)
                0x20000004                        . = ALIGN (0x4)
                0x20000004                        _ebss = .
OUTPUT(bin/final.elf elf32-littlearm)
LOAD linker stubs

.comment        0x00000000       0x44
 .comment       0x00000000       0x44 obj/stm32f0xx_start_up.o
                                 0x45 (size before relaxing)
 .comment       0x00000044       0x45 obj/main.o

.ARM.attributes
                0x00000000       0x2c
 .ARM.attributes
                0x00000000       0x2c obj/stm32f0xx_start_up.o
 .ARM.attributes
                0x0000002c       0x2c obj/main.o
